// Jest Snapshot v1, https://goo.gl/fbAQLP

exports[`createUser should throw if accountLinkId is already in db 1`] = `[Error: Account already in use]`;

exports[`deleteUser should refuse deletion of other users 1`] = `[Error: You can delete only your account]`;
